[suachuadientu-ht.blogspot.com/index.html]
[backblue.gif]
[fade.gif]
[index.html]
[suachuadientu-ht.blogspot.com/favicon.ico]
[suachuadientu-ht.blogspot.com/feeds/posts/default]
[suachuadientu-ht.blogspot.com/feeds/posts/default9522]
[blogger.googleusercontent.com/img/b/R29vZ2xl/AVvXsEjbcZ5ohPEvas5eVuDeYeF2V0_iMD7Fk83WnfIeTw0/s16000/img_0027.jpg]
[suachuadientu-ht.blogspot.com/p/gioi-thieu.html]
[suachuadientu-ht.blogspot.com/search/label/Dịch vụ.html]
[suachuadientu-ht.blogspot.com/search/label/Laptop.html]
[suachuadientu-ht.blogspot.com/search/label/Máy ảnh.html]
[suachuadientu-ht.blogspot.com/search/label/Điện thoại.html]
[suachuadientu-ht.blogspot.com/search/label/iPhone.html]
[suachuadientu-ht.blogspot.com/search/label/Desktop.html]
[suachuadientu-ht.blogspot.com/search/label/Tin tức.html]
[cdnjs.cloudflare.com/ajax/libs/OwlCarousel2/2.3.4/assets/owl.carousel.min.css]
[cdnjs.cloudflare.com/ajax/libs/OwlCarousel2/2.3.4/assets/owl.theme.default.min.css]
[suachuadientu-ht.blogspot.com/p/lien-he.html]
[connect.facebook.net/en_US/sdk.js]
[www.blogger.com/static/v1/widgets/4126374771-widgets.js]
[suachuadientu-ht.blogspot.com/index.html]
[suachuadientu-ht.blogspot.com/p/gioi-thieu.html]
[suachuadientu-ht.blogspot.com/2023/09/sua-chua-laptop.html]
[suachuadientu-ht.blogspot.com/2023/09/sua-chua-may-anh.html]
[suachuadientu-ht.blogspot.com/2023/09/sua-chua-dien-thoai.html]
[suachuadientu-ht.blogspot.com/2023/09/sua-chua-khac.html]
[suachuadientu-ht.blogspot.com/2023/09/sua-chua-iphone.html]
[suachuadientu-ht.blogspot.com/search/label/Dịch vụ.html]
[suachuadientu-ht.blogspot.com/search/label/Laptop.html]
[suachuadientu-ht.blogspot.com/search/label/Máy ảnh.html]
[suachuadientu-ht.blogspot.com/2023/09/sua-chua-desktop.html]
[suachuadientu-ht.blogspot.com/search/label/Điện thoại.html]
[suachuadientu-ht.blogspot.com/search/label/iPhone.html]
[suachuadientu-ht.blogspot.com/search/label/Desktop.html]
[suachuadientu-ht.blogspot.com/search/label/Điện thoạiefdb.html]
[suachuadientu-ht.blogspot.com/2023/09/cac-trung-tam-day-nghe-sua-chua-ien.html]
[blogger.googleusercontent.com/img/b/R29vZ2xl/AVvXsEjbcZ5ohPEvas5eVuDeYeF2V0_iMD7Fk83WnfIeTw0/w370-h230-p-k-no-nu/img_0027.jpg]
[suachuadientu-ht.blogspot.com/2023/09/cong-cua-nguoi-tho-sua-ien-tu-thap-cung.html]
[blogger.googleusercontent.com/img/b/R29vZ2xl/AVvXsEjKLLr8Zxl5VBR88VRjrA9VwqayvNwOeYvyD2DZ0uy/w370-h230-p-k-no-nu/DSC_3835.jpg]
[suachuadientu-ht.blogspot.com/2023/09/kinh-nghiem-sua-chua-laptop-cua-tho-ma.html]
[blogger.googleusercontent.com/img/b/R29vZ2xl/AVvXsEjjua7NlRzOZbureBsUs-9-XLRgO8PKV6YTdeHfXK-/w370-h230-p-k-no-nu/Dich-vu-sua-chua-dien-tu-e1643336941700.jpg]
[www.blogger.com/static/v1/widgets/448373719-widgets.js]
[suachuadientu-ht.blogspot.com/search/label/Tin tức.html]
[suachuadientu-ht.blogspot.com/search/label/Tin tức09f9.html]
[suachuadientu-ht.blogspot.com/p/lien-he.html]
[cdnjs.cloudflare.com/ajax/libs/OwlCarousel2/2.3.4/assets/owl.video.play.png]
[cdnjs.cloudflare.com/ajax/libs/OwlCarousel2/2.3.4/assets/owl.carousel.min.css]
[cdnjs.cloudflare.com/ajax/libs/OwlCarousel2/2.3.4/assets/owl.theme.default.min.css]
[connect.facebook.net/en_US/sdk.js]
[www.blogger.com/dyn-css/authorizationa663.css]
[suachuadientu-ht.blogspot.com/feeds/6122762369130723200/comments/default]
[4.bp.blogspot.com/-00O66C-eBQs/W0IcokXSnOI/AAAAAAAAL_k/g4KtDm7SkQsoe7_G0vZ_C_nU0Gf_-kyVQCLcBGAs/w600-h400-p-k-no-nu/safe_image.png]
[suachuadientu-ht.blogspot.com/2023/09/sua-chua-laptop.html]
[suachuadientu-ht.blogspot.com/feeds/301376301529477294/comments/default]
[suachuadientu-ht.blogspot.com/2023/09/sua-chua-may-anh.html]
[suachuadientu-ht.blogspot.com/feeds/2179825555395461197/comments/default]
[suachuadientu-ht.blogspot.com/2023/09/sua-chua-dien-thoai.html]
[suachuadientu-ht.blogspot.com/feeds/2111271345307376197/comments/default]
[suachuadientu-ht.blogspot.com/2023/09/sua-chua-khac.html]
[suachuadientu-ht.blogspot.com/feeds/1558539770311320484/comments/default]
[suachuadientu-ht.blogspot.com/2023/09/sua-chua-iphone.html]
[suachuadientu-ht.blogspot.com/feeds/1684563188317096957/comments/default]
[suachuadientu-ht.blogspot.com/2023/09/sua-chua-desktop.html]
[suachuadientu-ht.blogspot.com/search/label/Điện thoạiefdb.html]
[suachuadientu-ht.blogspot.com/feeds/6005381395376620783/comments/default]
[blogger.googleusercontent.com/img/b/R29vZ2xl/AVvXsEjbcZ5ohPEvas5eVuDeYeF2V0_iMD7Fk83WnfIeTw0/s1000/img_0027.jpg]
[suachuadientu-ht.blogspot.com/2023/09/cac-trung-tam-day-nghe-sua-chua-ien.html]
[suachuadientu-ht.blogspot.com/feeds/100282799816730354/comments/default]
[blogger.googleusercontent.com/img/b/R29vZ2xl/AVvXsEjKLLr8Zxl5VBR88VRjrA9VwqayvNwOeYvyD2DZ0uy/s16000/DSC_3835.jpg]
[blogger.googleusercontent.com/img/b/R29vZ2xl/AVvXsEjKLLr8Zxl5VBR88VRjrA9VwqayvNwOeYvyD2DZ0uy/s1600/DSC_3835.jpg]
[suachuadientu-ht.blogspot.com/2023/09/cong-cua-nguoi-tho-sua-ien-tu-thap-cung.html]
[suachuadientu-ht.blogspot.com/feeds/3414019468001392249/comments/default]
[blogger.googleusercontent.com/img/b/R29vZ2xl/AVvXsEjjua7NlRzOZbureBsUs-9-XLRgO8PKV6YTdeHfXK-/s16000/Dich-vu-sua-chua-dien-tu-e1643336941700.jpg]
[blogger.googleusercontent.com/img/b/R29vZ2xl/AVvXsEjjua7NlRzOZbureBsUs-9-XLRgO8PKV6YTdeHfXK-/s900/Dich-vu-sua-chua-dien-tu-e1643336941700.jpg]
[suachuadientu-ht.blogspot.com/2023/09/kinh-nghiem-sua-chua-laptop-cua-tho-ma.html]
[suachuadientu-ht.blogspot.com/search/label/Tin tức09f9.html]
[draft.blogger.com/dyn-css/authorizationa663.css]
